// Jest Snapshot v1, https://goo.gl/fbAQLP

exports[`Should FilmCard be rendered correctly 1`] = `
<article
  className="small-movie-card catalog__movies-card"
  onMouseOver={[Function]}
>
  <div
    className="small-movie-card__image"
    onClick={[Function]}
  >
    <img
      alt="Summer"
      height="175"
      src="img/summer.jpg"
      width="280"
    />
  </div>
  <h3
    className="small-movie-card__title"
  >
    <a
      className="small-movie-card__link"
      href="movie-page.html"
      onClick={[Function]}
    >
      Summer
    </a>
  </h3>
</article>
`;
