// Jest Snapshot v1, https://goo.gl/fbAQLP

exports[`Should render Reviews 1`] = `
<div
  className="movie-card__reviews movie-card__row"
>
  <div
    className="movie-card__reviews-col"
  >
    <div
      className="review"
    >
      <blockquote
        className="review__quote"
      >
        <p
          className="review__text"
        >
          hello
        </p>
        <footer
          className="review__details"
        >
          <cite
            className="review__author"
          >
            Tim Cook
          </cite>
          <time
            className="review__date"
            dateTime="10 26 2019"
          >
            10 26 2019
          </time>
        </footer>
      </blockquote>
      <div
        className="review__rating"
      >
        2
      </div>
    </div>
    <div
      className="review"
    >
      <blockquote
        className="review__quote"
      >
        <p
          className="review__text"
        >
          hello
        </p>
        <footer
          className="review__details"
        >
          <cite
            className="review__author"
          >
            Tim Cook
          </cite>
          <time
            className="review__date"
            dateTime="10 26 2019"
          >
            10 26 2019
          </time>
        </footer>
      </blockquote>
      <div
        className="review__rating"
      >
        2
      </div>
    </div>
    <div
      className="review"
    >
      <blockquote
        className="review__quote"
      >
        <p
          className="review__text"
        >
          hello
        </p>
        <footer
          className="review__details"
        >
          <cite
            className="review__author"
          >
            Tim Cook
          </cite>
          <time
            className="review__date"
            dateTime="10 26 2019"
          >
            10 26 2019
          </time>
        </footer>
      </blockquote>
      <div
        className="review__rating"
      >
        2
      </div>
    </div>
  </div>
</div>
`;
