// Jest Snapshot v1, https://goo.gl/fbAQLP

exports[`Should render VideoPlayer 1`] = `
<video
  muted={true}
  poster="img/poster"
  width=""
>
  <source
    src="https://download.blender.org/durian/trailer/sintel_trailer-480p.mp4"
    type="video/mp4"
  />
</video>
`;
